// Jest Snapshot v1, https://goo.gl/fbAQLP

exports[`/api GET /api Should match jest snapshot 1`] = `
Object {
  "GET /api": Object {
    "description": "serves up a json representation of all the available endpoints of the api",
  },
  "GET /api/articles": Object {
    "description": "serves an array of all articles",
    "exampleResponse": Object {
      "articles": Array [
        Object {
          "author": "weegembump",
          "body": "Text from the article..",
          "comment_count": 6,
          "created_at": "2018-05-30T15:59:13.341Z",
          "title": "Seafood substitutions are increasing",
          "topic": "cooking",
          "votes": 0,
        },
      ],
    },
    "queries": Array [
      "author",
      "topic",
      "sort_by",
      "order",
    ],
  },
  "GET /api/topics": Object {
    "description": "serves an array of all topics",
    "exampleResponse": Object {
      "topics": Array [
        Object {
          "description": "Footie!",
          "slug": "football",
        },
      ],
    },
    "queries": Array [],
  },
}
`;

exports[`/api GET /api Should match snapshot 1`] = `
Object {
  "GET /api": Object {
    "description": "serves up a json representation of all the available endpoints of the api",
  },
  "GET /api/articles": Object {
    "description": "serves an array of all articles",
    "exampleResponse": Object {
      "articles": Array [
        Object {
          "author": "weegembump",
          "body": "Text from the article..",
          "comment_count": 6,
          "created_at": "2018-05-30T15:59:13.341Z",
          "title": "Seafood substitutions are increasing",
          "topic": "cooking",
          "votes": 0,
        },
      ],
    },
    "queries": Array [
      "author",
      "topic",
      "sort_by",
      "order",
    ],
  },
  "GET /api/topics": Object {
    "description": "serves an array of all topics",
    "exampleResponse": Object {
      "topics": Array [
        Object {
          "description": "Footie!",
          "slug": "football",
        },
      ],
    },
    "queries": Array [],
  },
}
`;
